[backblue.gif]
[fade.gif]
[index.html]
[r.mobirisesite.com/207609/assets/images/healing-space-app-logo-e6ec.jpg]
[r.mobirisesite.com/207609/assets/web/assets/mobirise-icons2/mobirise2.css]
[r.mobirisesite.com/207609/assets/bootstrap/css/bootstrap.min.css]
[r.mobirisesite.com/207609/assets/bootstrap/css/bootstrap-grid.min.css]
[r.mobirisesite.com/207609/assets/bootstrap/css/bootstrap-reboot.min.css]
[r.mobirisesite.com/207609/assets/dropdown/css/style.css]
[r.mobirisesite.com/207609/assets/socicon/css/styles.css]
[r.mobirisesite.com/207609/assets/theme/css/style.css]
[r.mobirisesite.com/207609/assets/mobirise/css/mbr-additionale6ec.css]
[r.mobirisesite.com/207609/assets/images/iphone-app-mockup-e6ec.jpg]
[r.mobirisesite.com/207609/assets/images/img-1884e6ec.jpg]
[r.mobirisesite.com/207609/assets/bootstrap/js/bootstrap.bundle.min.js]
[r.mobirisesite.com/207609/assets/smoothscroll/smooth-scroll.js]
[r.mobirisesite.com/207609/assets/ytplayer/index.js]
[r.mobirisesite.com/207609/assets/dropdown/js/navbar-dropdown.js]
[sld6ttpwj3.mobirisesite.com/healingspace.html]
[r.mobirisesite.com/207609/assets/theme/js/script.js]
[r.mobirisesite.com/207609/assets/web/assets/mobirise-icons2/mobirise21e04.eot]
[r.mobirisesite.com/207609/assets/web/assets/mobirise-icons2/mobirise21e04.ttf]
[r.mobirisesite.com/207609/assets/web/assets/mobirise-icons2/mobirise21e04.woff]
[r.mobirisesite.com/207609/assets/web/assets/mobirise-icons2/mobirise2.css]
[r.mobirisesite.com/207609/assets/bootstrap/css/bootstrap.min.css]
[r.mobirisesite.com/207609/assets/bootstrap/css/bootstrap-grid.min.css]
[r.mobirisesite.com/207609/assets/bootstrap/css/bootstrap-reboot.min.css]
[r.mobirisesite.com/207609/assets/dropdown/css/style.css]
[r.mobirisesite.com/207609/assets/socicon/css/styles.css]
[r.mobirisesite.com/207609/assets/theme/css/style.css]
[r.mobirisesite.com/207609/assets/web/assets/mobirise-icons2/mobirise21e04.svg]
[r.mobirisesite.com/207609/assets/images/background7e6ec.jpg]
[r.mobirisesite.com/207609/assets/mobirise/css/mbr-additionale6ec.css]
[r.mobirisesite.com/207609/assets/parallax/jarallax.css]
[r.mobirisesite.com/207609/assets/images/img-1909e6ec.jpg]
[r.mobirisesite.com/207609/assets/images/img-1929e6ec.jpg]
[r.mobirisesite.com/207609/assets/images/img-1932e6ec.jpg]
[r.mobirisesite.com/207609/assets/images/65749e6ec.jpg]
[r.mobirisesite.com/207609/assets/parallax/jarallax.js]
[r.mobirisesite.com/207609/assets/playervimeo/vimeo_player.js]
[sld6ttpwj3.mobirisesite.com/healingspac.html]
[r.mobirisesite.com/207609/assets/formoid/formoid.min.js]
[r.mobirisesite.com/207609/assets/images/healing-space-app-logo-e6ec-2.jpg]
[sld6ttpwj3.mobirisesite.com/page3.html]
[r.mobirisesite.com/207609/assets/web/assets/mobirise-icons2/mobirise21e04.svg]
[r.mobirisesite.com/207609/assets/parallax/jarallax.css]
